// Jest Snapshot v1, https://goo.gl/fbAQLP

exports[`<CarForm /> Enzyme Static HTML <CarForm /> renders 1`] = `"\\"<div><label for=\\\\\\"make-input\\\\\\">Make:</label><input type=\\\\\\"text\\\\\\" id=\\\\\\"make-input\\\\\\" value name=\\\\\\"make\\\\\\"></div><div><label for=\\\\\\"model-input\\\\\\">Model:</label><input type=\\\\\\"text\\\\\\" id=\\\\\\"model-input\\\\\\" value name=\\\\\\"model\\\\\\"></div><div><label for=\\\\\\"year-input\\\\\\">Year:</label><input type=\\\\\\"number\\\\\\" id=\\\\\\"year-input\\\\\\" value=\\\\\\"1900\\\\\\" name=\\\\\\"year\\\\\\"></div><div><label for=\\\\\\"color-input\\\\\\">Color:</label><input type=\\\\\\"text\\\\\\" id=\\\\\\"color-input\\\\\\" value name=\\\\\\"color\\\\\\"></div><div><label for=\\\\\\"price-input\\\\\\">Price:</label><input type=\\\\\\"number\\\\\\" id=\\\\\\"price-input\\\\\\" value=\\\\\\"0\\\\\\" name=\\\\\\"price\\\\\\"></div><button type=\\\\\\"button\\\\\\">Add Car</button>\\""`;
